###############################################################################
#
# IAR ELF Linker V7.30.3.8024/W32 for ARM                 18/Jan/2015  00:01:37
# Copyright 2007-2014 IAR Systems AB.
#
#    Output file  =  
#        C:\Downloads\stm32cubef4\STM32Cube_FW_F4_V1.3.0\Projects\STM32F411RE-Nucleo\Examples\RCC\RCC_ClockConfig\EWARM\STM32F4xx-Nucleo\Exe\Project.out
#    Map file     =  
#        C:\Downloads\stm32cubef4\STM32Cube_FW_F4_V1.3.0\Projects\STM32F411RE-Nucleo\Examples\RCC\RCC_ClockConfig\EWARM\STM32F4xx-Nucleo\List\Project.map
#    Command line =  
#        C:\Downloads\stm32cubef4\STM32Cube_FW_F4_V1.3.0\Projects\STM32F411RE-Nucleo\Examples\RCC\RCC_ClockConfig\EWARM\STM32F4xx-Nucleo\Obj\AD9117.o
#        C:\Downloads\stm32cubef4\STM32Cube_FW_F4_V1.3.0\Projects\STM32F411RE-Nucleo\Examples\RCC\RCC_ClockConfig\EWARM\STM32F4xx-Nucleo\Obj\main.o
#        C:\Downloads\stm32cubef4\STM32Cube_FW_F4_V1.3.0\Projects\STM32F411RE-Nucleo\Examples\RCC\RCC_ClockConfig\EWARM\STM32F4xx-Nucleo\Obj\startup_stm32f411xe.o
#        C:\Downloads\stm32cubef4\STM32Cube_FW_F4_V1.3.0\Projects\STM32F411RE-Nucleo\Examples\RCC\RCC_ClockConfig\EWARM\STM32F4xx-Nucleo\Obj\stm32f4xx_hal.o
#        C:\Downloads\stm32cubef4\STM32Cube_FW_F4_V1.3.0\Projects\STM32F411RE-Nucleo\Examples\RCC\RCC_ClockConfig\EWARM\STM32F4xx-Nucleo\Obj\stm32f4xx_hal_adc.o
#        C:\Downloads\stm32cubef4\STM32Cube_FW_F4_V1.3.0\Projects\STM32F411RE-Nucleo\Examples\RCC\RCC_ClockConfig\EWARM\STM32F4xx-Nucleo\Obj\stm32f4xx_hal_adc_ex.o
#        C:\Downloads\stm32cubef4\STM32Cube_FW_F4_V1.3.0\Projects\STM32F411RE-Nucleo\Examples\RCC\RCC_ClockConfig\EWARM\STM32F4xx-Nucleo\Obj\stm32f4xx_hal_cortex.o
#        C:\Downloads\stm32cubef4\STM32Cube_FW_F4_V1.3.0\Projects\STM32F411RE-Nucleo\Examples\RCC\RCC_ClockConfig\EWARM\STM32F4xx-Nucleo\Obj\stm32f4xx_hal_dma.o
#        C:\Downloads\stm32cubef4\STM32Cube_FW_F4_V1.3.0\Projects\STM32F411RE-Nucleo\Examples\RCC\RCC_ClockConfig\EWARM\STM32F4xx-Nucleo\Obj\stm32f4xx_hal_dma_ex.o
#        C:\Downloads\stm32cubef4\STM32Cube_FW_F4_V1.3.0\Projects\STM32F411RE-Nucleo\Examples\RCC\RCC_ClockConfig\EWARM\STM32F4xx-Nucleo\Obj\stm32f4xx_hal_flash.o
#        C:\Downloads\stm32cubef4\STM32Cube_FW_F4_V1.3.0\Projects\STM32F411RE-Nucleo\Examples\RCC\RCC_ClockConfig\EWARM\STM32F4xx-Nucleo\Obj\stm32f4xx_hal_flash_ex.o
#        C:\Downloads\stm32cubef4\STM32Cube_FW_F4_V1.3.0\Projects\STM32F411RE-Nucleo\Examples\RCC\RCC_ClockConfig\EWARM\STM32F4xx-Nucleo\Obj\stm32f4xx_hal_gpio.o
#        C:\Downloads\stm32cubef4\STM32Cube_FW_F4_V1.3.0\Projects\STM32F411RE-Nucleo\Examples\RCC\RCC_ClockConfig\EWARM\STM32F4xx-Nucleo\Obj\stm32f4xx_hal_pwr.o
#        C:\Downloads\stm32cubef4\STM32Cube_FW_F4_V1.3.0\Projects\STM32F411RE-Nucleo\Examples\RCC\RCC_ClockConfig\EWARM\STM32F4xx-Nucleo\Obj\stm32f4xx_hal_pwr_ex.o
#        C:\Downloads\stm32cubef4\STM32Cube_FW_F4_V1.3.0\Projects\STM32F411RE-Nucleo\Examples\RCC\RCC_ClockConfig\EWARM\STM32F4xx-Nucleo\Obj\stm32f4xx_hal_rcc.o
#        C:\Downloads\stm32cubef4\STM32Cube_FW_F4_V1.3.0\Projects\STM32F411RE-Nucleo\Examples\RCC\RCC_ClockConfig\EWARM\STM32F4xx-Nucleo\Obj\stm32f4xx_hal_rcc_ex.o
#        C:\Downloads\stm32cubef4\STM32Cube_FW_F4_V1.3.0\Projects\STM32F411RE-Nucleo\Examples\RCC\RCC_ClockConfig\EWARM\STM32F4xx-Nucleo\Obj\stm32f4xx_hal_spi.o
#        C:\Downloads\stm32cubef4\STM32Cube_FW_F4_V1.3.0\Projects\STM32F411RE-Nucleo\Examples\RCC\RCC_ClockConfig\EWARM\STM32F4xx-Nucleo\Obj\stm32f4xx_hal_tim.o
#        C:\Downloads\stm32cubef4\STM32Cube_FW_F4_V1.3.0\Projects\STM32F411RE-Nucleo\Examples\RCC\RCC_ClockConfig\EWARM\STM32F4xx-Nucleo\Obj\stm32f4xx_it.o
#        C:\Downloads\stm32cubef4\STM32Cube_FW_F4_V1.3.0\Projects\STM32F411RE-Nucleo\Examples\RCC\RCC_ClockConfig\EWARM\STM32F4xx-Nucleo\Obj\stm32f4xx_nucleo.o
#        C:\Downloads\stm32cubef4\STM32Cube_FW_F4_V1.3.0\Projects\STM32F411RE-Nucleo\Examples\RCC\RCC_ClockConfig\EWARM\STM32F4xx-Nucleo\Obj\system_stm32f4xx.o
#        --redirect _Printf=_PrintfSmall --redirect _Scanf=_ScanfSmall -o
#        C:\Downloads\stm32cubef4\STM32Cube_FW_F4_V1.3.0\Projects\STM32F411RE-Nucleo\Examples\RCC\RCC_ClockConfig\EWARM\STM32F4xx-Nucleo\Exe\Project.out
#        --map
#        C:\Downloads\stm32cubef4\STM32Cube_FW_F4_V1.3.0\Projects\STM32F411RE-Nucleo\Examples\RCC\RCC_ClockConfig\EWARM\STM32F4xx-Nucleo\List\Project.map
#        --config
#        C:\Downloads\stm32cubef4\STM32Cube_FW_F4_V1.3.0\Projects\STM32F411RE-Nucleo\Examples\RCC\RCC_ClockConfig\EWARM\stm32f411xe_flash.icf
#        --semihosting --entry __iar_program_start --vfe
#
###############################################################################

*******************************************************************************
*** RUNTIME MODEL ATTRIBUTES
***

CppFlavor       = *
__SystemLibrary = DLib


*******************************************************************************
*** PLACEMENT SUMMARY
***

"A1":  place at 0x08000000 { ro section .intvec };
"P1":  place in [from 0x08000000 to 0x0807ffff] { ro };
"P2":  place in [from 0x20000000 to 0x2001ffff] { rw, block CSTACK, block HEAP };

  Section            Kind        Address    Size  Object
  -------            ----        -------    ----  ------
"A1":                                      0x198
  .intvec            ro code  0x08000000   0x198  startup_stm32f411xe.o [1]
                            - 0x08000198   0x198

"P1":                                     0x1674
  .text              ro code  0x08000198   0x7c8  AD9117.o [1]
  .text              ro code  0x08000960   0x1fe  stm32f4xx_hal_gpio.o [1]
  .text              ro code  0x08000b5e    0x2e  copy_init3.o [5]
  .text              ro code  0x08000b8c   0x5b4  stm32f4xx_hal_rcc.o [1]
  .text              ro code  0x08001140    0x74  stm32f4xx_hal.o [1]
  .text              ro code  0x080011b4    0xa8  stm32f4xx_hal_cortex.o [1]
  .text              ro code  0x0800125c   0x274  main.o [1]
  .text              ro code  0x080014d0    0xf0  stm32f4xx_hal_tim.o [1]
  .text              ro code  0x080015c0    0x4c  system_stm32f4xx.o [1]
  .text              ro code  0x0800160c    0x28  data_init.o [5]
  .text              ro code  0x08001634    0x22  fpinit_M.o [4]
  .text              ro code  0x08001656    0x22  zero_init3.o [5]
  .iar.init_table    const    0x08001678    0x24  - Linker created -
  .text              ro code  0x0800169c    0x1c  stm32f4xx_it.o [1]
  .text              ro code  0x080016b8    0x1a  cmain.o [5]
  .text              ro code  0x080016d2     0x4  low_level_init.o [3]
  .text              ro code  0x080016d6     0x4  exit.o [3]
  .text              ro code  0x080016dc     0xa  cexit.o [5]
  .text              ro code  0x080016e8    0x14  exit.o [6]
  .text              ro code  0x080016fc    0x10  startup_stm32f411xe.o [1]
  .text              ro code  0x0800170c     0xc  cstartup_M.o [5]
  .text              ro code  0x08001718     0x4  startup_stm32f411xe.o [1]
  .text              ro code  0x0800171c     0x4  startup_stm32f411xe.o [1]
  .text              ro code  0x08001720     0x4  startup_stm32f411xe.o [1]
  .text              ro code  0x08001724     0x4  startup_stm32f411xe.o [1]
  .text              ro code  0x08001728     0x4  startup_stm32f411xe.o [1]
  .text              ro code  0x0800172c     0x4  startup_stm32f411xe.o [1]
  .text              ro code  0x08001730     0x4  startup_stm32f411xe.o [1]
  .text              ro code  0x08001734     0x4  startup_stm32f411xe.o [1]
  .text              ro code  0x08001738     0x4  startup_stm32f411xe.o [1]
  .text              ro code  0x0800173c     0x4  startup_stm32f411xe.o [1]
  .text              ro code  0x08001740     0x4  startup_stm32f411xe.o [1]
  .text              ro code  0x08001744     0x4  startup_stm32f411xe.o [1]
  .text              ro code  0x08001748     0x4  startup_stm32f411xe.o [1]
  .text              ro code  0x0800174c     0x4  startup_stm32f411xe.o [1]
  .text              ro code  0x08001750     0x4  startup_stm32f411xe.o [1]
  .text              ro code  0x08001754     0x4  startup_stm32f411xe.o [1]
  .text              ro code  0x08001758     0x4  startup_stm32f411xe.o [1]
  .text              ro code  0x0800175c     0x4  startup_stm32f411xe.o [1]
  .text              ro code  0x08001760     0x4  startup_stm32f411xe.o [1]
  .text              ro code  0x08001764     0x4  startup_stm32f411xe.o [1]
  .text              ro code  0x08001768     0x4  startup_stm32f411xe.o [1]
  .text              ro code  0x0800176c     0x4  startup_stm32f411xe.o [1]
  .text              ro code  0x08001770     0x4  startup_stm32f411xe.o [1]
  .text              ro code  0x08001774     0x4  startup_stm32f411xe.o [1]
  .text              ro code  0x08001778     0x4  startup_stm32f411xe.o [1]
  .text              ro code  0x0800177c     0x4  startup_stm32f411xe.o [1]
  .text              ro code  0x08001780     0x4  startup_stm32f411xe.o [1]
  .text              ro code  0x08001784     0x4  startup_stm32f411xe.o [1]
  .text              ro code  0x08001788     0x4  startup_stm32f411xe.o [1]
  .text              ro code  0x0800178c     0x4  startup_stm32f411xe.o [1]
  .text              ro code  0x08001790     0x4  startup_stm32f411xe.o [1]
  .text              ro code  0x08001794     0x4  startup_stm32f411xe.o [1]
  .text              ro code  0x08001798     0x4  startup_stm32f411xe.o [1]
  .text              ro code  0x0800179c     0x4  startup_stm32f411xe.o [1]
  .text              ro code  0x080017a0     0x4  startup_stm32f411xe.o [1]
  .text              ro code  0x080017a4     0x4  startup_stm32f411xe.o [1]
  .text              ro code  0x080017a8     0x4  startup_stm32f411xe.o [1]
  .text              ro code  0x080017ac     0x4  startup_stm32f411xe.o [1]
  .text              ro code  0x080017b0     0x4  startup_stm32f411xe.o [1]
  .text              ro code  0x080017b4     0x4  startup_stm32f411xe.o [1]
  .text              ro code  0x080017b8     0x4  startup_stm32f411xe.o [1]
  .text              ro code  0x080017bc     0x4  startup_stm32f411xe.o [1]
  .text              ro code  0x080017c0     0x4  startup_stm32f411xe.o [1]
  .text              ro code  0x080017c4     0x4  startup_stm32f411xe.o [1]
  .text              ro code  0x080017c8     0x4  startup_stm32f411xe.o [1]
  .text              ro code  0x080017cc     0x4  startup_stm32f411xe.o [1]
  .text              ro code  0x080017d0     0x4  startup_stm32f411xe.o [1]
  .text              ro code  0x080017d4     0x4  startup_stm32f411xe.o [1]
  .text              ro code  0x080017d8     0x4  startup_stm32f411xe.o [1]
  .text              ro code  0x080017dc     0x4  startup_stm32f411xe.o [1]
  .text              ro code  0x080017e0     0x4  startup_stm32f411xe.o [1]
  .text              ro code  0x080017e4     0x4  startup_stm32f411xe.o [1]
  .text              ro code  0x080017e8     0x4  startup_stm32f411xe.o [1]
  .text              ro code  0x080017ec     0x4  startup_stm32f411xe.o [1]
  .text              ro code  0x080017f0     0x4  startup_stm32f411xe.o [1]
  .text              ro code  0x080017f4     0x4  startup_stm32f411xe.o [1]
  .rodata            const    0x080017f8     0x0  zero_init3.o [5]
  .rodata            const    0x080017f8     0x0  copy_init3.o [5]
  Initializer bytes  ro data  0x080017f8    0x14  <for P2 s0>
                            - 0x0800180c  0x1674

"P2":                                      0x4c0
  P2 s0                       0x20000000    0x14  <Init block>
    .data            inited   0x20000000    0x14  system_stm32f4xx.o [1]
  .bss               zero     0x20000014    0x54  AD9117.o [1]
  .bss               zero     0x20000068    0x50  main.o [1]
  .bss               zero     0x200000b8     0x4  stm32f4xx_hal.o [1]
  CSTACK                      0x200000c0   0x400  <Block>
    CSTACK           uninit   0x200000c0   0x400  <Block tail>
                            - 0x200004c0   0x4c0


*******************************************************************************
*** INIT TABLE
***

          Address     Size
          -------     ----
Zero (__iar_zero_init3)
    1 destination range, total size 0xa8:
          0x20000014  0xa8

Copy (__iar_copy_init3)
    1 source range, total size 0x14:
          0x080017f8  0x14
    1 destination range, total size 0x14:
          0x20000000  0x14



*******************************************************************************
*** MODULE SUMMARY
***

    Module                  ro code  ro data  rw data
    ------                  -------  -------  -------
C:\Downloads\stm32cubef4\STM32Cube_FW_F4_V1.3.0\Projects\STM32F411RE-Nucleo\Examples\RCC\RCC_ClockConfig\EWARM\STM32F4xx-Nucleo\Obj: [1]
    AD9117.o                  1 992                84
    main.o                      628                80
    startup_stm32f411xe.o       648
    stm32f4xx_hal.o             116                 4
    stm32f4xx_hal_cortex.o      168
    stm32f4xx_hal_gpio.o        510
    stm32f4xx_hal_rcc.o       1 460
    stm32f4xx_hal_tim.o         240
    stm32f4xx_it.o               28
    system_stm32f4xx.o           76       20       20
    -------------------------------------------------
    Total:                    5 866       20      188

command line: [2]
    -------------------------------------------------
    Total:

dl7M_tln.a: [3]
    exit.o                        4
    low_level_init.o              4
    -------------------------------------------------
    Total:                        8

m7M_tls.a: [4]
    fpinit_M.o                   34
    -------------------------------------------------
    Total:                       34

rt7M_tl.a: [5]
    cexit.o                      10
    cmain.o                      26
    copy_init3.o                 46
    cstartup_M.o                 12
    data_init.o                  40
    zero_init3.o                 34
    -------------------------------------------------
    Total:                      168

shb_l.a: [6]
    exit.o                       20
    -------------------------------------------------
    Total:                       20

    Gaps                          4
    Linker created                        36    1 024
-----------------------------------------------------
    Grand Total:              6 100       56    1 212


*******************************************************************************
*** ENTRY LIST
***

Entry                      Address   Size  Type      Object
-----                      -------   ----  ----      ------
?main                   0x080016b9         Code  Gb  cmain.o [5]
AD9117_init             0x08000199  0x5b0  Code  Gb  AD9117.o [1]
AD9117_sendByte         0x08000757  0x1fc  Code  Gb  AD9117.o [1]
AHBPrescTable           0x20000004   0x10  Data  Gb  system_stm32f4xx.o [1]
APBAHBPrescTable        0x08001130   0x10  Data  Gb  stm32f4xx_hal_rcc.o [1]
BusFault_Handler        0x080016a3    0x2  Code  Gb  stm32f4xx_it.o [1]
CSTACK$$Base            0x200000c0          --   Gb  - Linker created -
CSTACK$$Limit           0x200004c0          --   Gb  - Linker created -
DebugMon_Handler        0x080016a9    0x2  Code  Gb  stm32f4xx_it.o [1]
EXTI15_10_IRQHandler    0x080016b1    0x8  Code  Gb  stm32f4xx_it.o [1]
GPIO_InitStruct_AD9117_SPI
                        0x2000002c   0x14  Data  Gb  AD9117.o [1]
GPIO_InitStruct_ADC     0x200000a4   0x14  Data  Gb  main.o [1]
GPIO_InitStruct_DAC     0x20000054   0x14  Data  Gb  AD9117.o [1]
GPIO_InitStruct_SDIO    0x20000040   0x14  Data  Gb  AD9117.o [1]
HAL_GPIO_EXTI_Callback  0x08000b5d    0x2  Code  Wk  stm32f4xx_hal_gpio.o [1]
HAL_GPIO_EXTI_IRQHandler
                        0x08000b0d   0x18  Code  Gb  stm32f4xx_hal_gpio.o [1]
HAL_GPIO_Init           0x08000961  0x194  Code  Gb  stm32f4xx_hal_gpio.o [1]
HAL_GPIO_ReadPin        0x08000af5    0xe  Code  Gb  stm32f4xx_hal_gpio.o [1]
HAL_GPIO_WritePin       0x08000b03    0xa  Code  Gb  stm32f4xx_hal_gpio.o [1]
HAL_GetTick             0x080011a5    0x6  Code  Wk  stm32f4xx_hal.o [1]
HAL_IncTick             0x0800119b    0xa  Code  Wk  stm32f4xx_hal.o [1]
HAL_Init                0x08001141   0x34  Code  Gb  stm32f4xx_hal.o [1]
HAL_InitTick            0x08001177   0x24  Code  Wk  stm32f4xx_hal.o [1]
HAL_MspInit             0x08001175    0x2  Code  Wk  stm32f4xx_hal.o [1]
HAL_NVIC_SetPriority    0x080011cf   0x58  Code  Gb  stm32f4xx_hal_cortex.o [1]
HAL_NVIC_SetPriorityGrouping
                        0x080011b5   0x1a  Code  Gb  stm32f4xx_hal_cortex.o [1]
HAL_RCC_ClockConfig     0x08000e45  0x1cc  Code  Gb  stm32f4xx_hal_rcc.o [1]
HAL_RCC_GetClockConfig  0x080010dd   0x34  Code  Gb  stm32f4xx_hal_rcc.o [1]
HAL_RCC_GetHCLKFreq     0x08001011   0x5e  Code  Gb  stm32f4xx_hal_rcc.o [1]
HAL_RCC_GetPCLK1Freq    0x0800106f   0x6e  Code  Gb  stm32f4xx_hal_rcc.o [1]
HAL_RCC_OscConfig       0x08000b8d  0x2b8  Code  Gb  stm32f4xx_hal_rcc.o [1]
HAL_SYSTICK_Config      0x08001227   0x22  Code  Gb  stm32f4xx_hal_cortex.o [1]
HAL_TIM_Base_Init       0x080014d1   0xb6  Code  Gb  stm32f4xx_hal_tim.o [1]
HAL_TIM_Base_MspInit    0x08001587    0x2  Code  Wk  stm32f4xx_hal_tim.o [1]
HAL_TIM_Base_Start_IT   0x08001589   0x16  Code  Gb  stm32f4xx_hal_tim.o [1]
HardFault_Handler       0x0800169f    0x2  Code  Gb  stm32f4xx_it.o [1]
MemManage_Handler       0x080016a1    0x2  Code  Gb  stm32f4xx_it.o [1]
NMI_Handler             0x0800169d    0x2  Code  Gb  stm32f4xx_it.o [1]
PendSV_Handler          0x080016ab    0x2  Code  Gb  stm32f4xx_it.o [1]
Region$$Table$$Base     0x08001678          --   Gb  - Linker created -
Region$$Table$$Limit    0x0800169c          --   Gb  - Linker created -
SVC_Handler             0x080016a7    0x2  Code  Gb  stm32f4xx_it.o [1]
SysTick_Handler         0x080016ad    0x4  Code  Gb  stm32f4xx_it.o [1]
SystemCoreClock         0x20000000    0x4  Data  Gb  system_stm32f4xx.o [1]
SystemInit              0x080015c1   0x3c  Code  Gb  system_stm32f4xx.o [1]
TimHandle               0x20000068   0x3c  Data  Gb  main.o [1]
UsageFault_Handler      0x080016a5    0x2  Code  Gb  stm32f4xx_it.o [1]
__cmain                 0x080016b9         Code  Gb  cmain.o [5]
__exit                  0x080016e9   0x14  Code  Gb  exit.o [6]
__iar_copy_init3        0x08000b5f   0x2e  Code  Gb  copy_init3.o [5]
__iar_data_init3        0x0800160d   0x28  Code  Gb  data_init.o [5]
__iar_init_vfp          0x08001635         Code  Gb  fpinit_M.o [4]
__iar_program_start     0x0800170d         Code  Gb  cstartup_M.o [5]
__iar_zero_init3        0x08001657   0x22  Code  Gb  zero_init3.o [5]
__low_level_init        0x080016d3    0x4  Code  Gb  low_level_init.o [3]
__vector_table          0x08000000         Data  Gb  startup_stm32f411xe.o [1]
_call_main              0x080016c5         Code  Gb  cmain.o [5]
_exit                   0x080016dd         Code  Gb  cexit.o [5]
_main                   0x080016cf         Code  Gb  cmain.o [5]
exit                    0x080016d7    0x4  Code  Gb  exit.o [3]
main                    0x0800125d  0x254  Code  Gb  main.o [1]
reg                     0x20000014   0x18  Data  Gb  AD9117.o [1]
uwTick                  0x200000b8    0x4  Data  Lc  stm32f4xx_hal.o [1]
wait_ms                 0x08000749    0xe  Code  Gb  AD9117.o [1]


[1] = C:\Downloads\stm32cubef4\STM32Cube_FW_F4_V1.3.0\Projects\STM32F411RE-Nucleo\Examples\RCC\RCC_ClockConfig\EWARM\STM32F4xx-Nucleo\Obj
[2] = command line
[3] = dl7M_tln.a
[4] = m7M_tls.a
[5] = rt7M_tl.a
[6] = shb_l.a

  6 100 bytes of readonly  code memory
     56 bytes of readonly  data memory
  1 212 bytes of readwrite data memory

Errors: none
Warnings: none
