###############################################################################
#
# IAR ELF Linker V7.30.3.8024/W32 for ARM                 11/Jan/2015  14:50:39
# Copyright 2007-2014 IAR Systems AB.
#
#    Output file  =  
#        C:\Downloads\stm32cubef4\STM32Cube_FW_F4_V1.3.0\Projects\STM32F411RE-Nucleo\Examples\RCC\RCC_ClockConfig\EWARM\STM32F4xx-Nucleo\Exe\Project.out
#    Map file     =  
#        C:\Downloads\stm32cubef4\STM32Cube_FW_F4_V1.3.0\Projects\STM32F411RE-Nucleo\Examples\RCC\RCC_ClockConfig\EWARM\STM32F4xx-Nucleo\List\Project.map
#    Command line =  
#        C:\Downloads\stm32cubef4\STM32Cube_FW_F4_V1.3.0\Projects\STM32F411RE-Nucleo\Examples\RCC\RCC_ClockConfig\EWARM\STM32F4xx-Nucleo\Obj\AD9117.o
#        C:\Downloads\stm32cubef4\STM32Cube_FW_F4_V1.3.0\Projects\STM32F411RE-Nucleo\Examples\RCC\RCC_ClockConfig\EWARM\STM32F4xx-Nucleo\Obj\main.o
#        C:\Downloads\stm32cubef4\STM32Cube_FW_F4_V1.3.0\Projects\STM32F411RE-Nucleo\Examples\RCC\RCC_ClockConfig\EWARM\STM32F4xx-Nucleo\Obj\startup_stm32f411xe.o
#        C:\Downloads\stm32cubef4\STM32Cube_FW_F4_V1.3.0\Projects\STM32F411RE-Nucleo\Examples\RCC\RCC_ClockConfig\EWARM\STM32F4xx-Nucleo\Obj\stm32f4xx_hal.o
#        C:\Downloads\stm32cubef4\STM32Cube_FW_F4_V1.3.0\Projects\STM32F411RE-Nucleo\Examples\RCC\RCC_ClockConfig\EWARM\STM32F4xx-Nucleo\Obj\stm32f4xx_hal_adc.o
#        C:\Downloads\stm32cubef4\STM32Cube_FW_F4_V1.3.0\Projects\STM32F411RE-Nucleo\Examples\RCC\RCC_ClockConfig\EWARM\STM32F4xx-Nucleo\Obj\stm32f4xx_hal_adc_ex.o
#        C:\Downloads\stm32cubef4\STM32Cube_FW_F4_V1.3.0\Projects\STM32F411RE-Nucleo\Examples\RCC\RCC_ClockConfig\EWARM\STM32F4xx-Nucleo\Obj\stm32f4xx_hal_cortex.o
#        C:\Downloads\stm32cubef4\STM32Cube_FW_F4_V1.3.0\Projects\STM32F411RE-Nucleo\Examples\RCC\RCC_ClockConfig\EWARM\STM32F4xx-Nucleo\Obj\stm32f4xx_hal_dma.o
#        C:\Downloads\stm32cubef4\STM32Cube_FW_F4_V1.3.0\Projects\STM32F411RE-Nucleo\Examples\RCC\RCC_ClockConfig\EWARM\STM32F4xx-Nucleo\Obj\stm32f4xx_hal_dma_ex.o
#        C:\Downloads\stm32cubef4\STM32Cube_FW_F4_V1.3.0\Projects\STM32F411RE-Nucleo\Examples\RCC\RCC_ClockConfig\EWARM\STM32F4xx-Nucleo\Obj\stm32f4xx_hal_flash.o
#        C:\Downloads\stm32cubef4\STM32Cube_FW_F4_V1.3.0\Projects\STM32F411RE-Nucleo\Examples\RCC\RCC_ClockConfig\EWARM\STM32F4xx-Nucleo\Obj\stm32f4xx_hal_flash_ex.o
#        C:\Downloads\stm32cubef4\STM32Cube_FW_F4_V1.3.0\Projects\STM32F411RE-Nucleo\Examples\RCC\RCC_ClockConfig\EWARM\STM32F4xx-Nucleo\Obj\stm32f4xx_hal_gpio.o
#        C:\Downloads\stm32cubef4\STM32Cube_FW_F4_V1.3.0\Projects\STM32F411RE-Nucleo\Examples\RCC\RCC_ClockConfig\EWARM\STM32F4xx-Nucleo\Obj\stm32f4xx_hal_pwr.o
#        C:\Downloads\stm32cubef4\STM32Cube_FW_F4_V1.3.0\Projects\STM32F411RE-Nucleo\Examples\RCC\RCC_ClockConfig\EWARM\STM32F4xx-Nucleo\Obj\stm32f4xx_hal_pwr_ex.o
#        C:\Downloads\stm32cubef4\STM32Cube_FW_F4_V1.3.0\Projects\STM32F411RE-Nucleo\Examples\RCC\RCC_ClockConfig\EWARM\STM32F4xx-Nucleo\Obj\stm32f4xx_hal_rcc.o
#        C:\Downloads\stm32cubef4\STM32Cube_FW_F4_V1.3.0\Projects\STM32F411RE-Nucleo\Examples\RCC\RCC_ClockConfig\EWARM\STM32F4xx-Nucleo\Obj\stm32f4xx_hal_rcc_ex.o
#        C:\Downloads\stm32cubef4\STM32Cube_FW_F4_V1.3.0\Projects\STM32F411RE-Nucleo\Examples\RCC\RCC_ClockConfig\EWARM\STM32F4xx-Nucleo\Obj\stm32f4xx_hal_spi.o
#        C:\Downloads\stm32cubef4\STM32Cube_FW_F4_V1.3.0\Projects\STM32F411RE-Nucleo\Examples\RCC\RCC_ClockConfig\EWARM\STM32F4xx-Nucleo\Obj\stm32f4xx_it.o
#        C:\Downloads\stm32cubef4\STM32Cube_FW_F4_V1.3.0\Projects\STM32F411RE-Nucleo\Examples\RCC\RCC_ClockConfig\EWARM\STM32F4xx-Nucleo\Obj\stm32f4xx_nucleo.o
#        C:\Downloads\stm32cubef4\STM32Cube_FW_F4_V1.3.0\Projects\STM32F411RE-Nucleo\Examples\RCC\RCC_ClockConfig\EWARM\STM32F4xx-Nucleo\Obj\system_stm32f4xx.o
#        --redirect _Printf=_PrintfSmall --redirect _Scanf=_ScanfSmall -o
#        C:\Downloads\stm32cubef4\STM32Cube_FW_F4_V1.3.0\Projects\STM32F411RE-Nucleo\Examples\RCC\RCC_ClockConfig\EWARM\STM32F4xx-Nucleo\Exe\Project.out
#        --map
#        C:\Downloads\stm32cubef4\STM32Cube_FW_F4_V1.3.0\Projects\STM32F411RE-Nucleo\Examples\RCC\RCC_ClockConfig\EWARM\STM32F4xx-Nucleo\List\Project.map
#        --config
#        C:\Downloads\stm32cubef4\STM32Cube_FW_F4_V1.3.0\Projects\STM32F411RE-Nucleo\Examples\RCC\RCC_ClockConfig\EWARM\stm32f411xe_flash.icf
#        --semihosting --entry __iar_program_start --vfe
#
###############################################################################

*******************************************************************************
*** RUNTIME MODEL ATTRIBUTES
***

CppFlavor       = *
__SystemLibrary = DLib


*******************************************************************************
*** PLACEMENT SUMMARY
***

"A1":  place at 0x08000000 { ro section .intvec };
"P1":  place in [from 0x08000000 to 0x0807ffff] { ro };
"P2":  place in [from 0x20000000 to 0x2001ffff] { rw, block CSTACK, block HEAP };

  Section            Kind        Address   Size  Object
  -------            ----        -------   ----  ------
"A1":                                     0x198
  .intvec            ro code  0x08000000  0x198  startup_stm32f411xe.o [1]
                            - 0x08000198  0x198

"P1":                                     0xf70
  .text              ro code  0x08000198  0x510  stm32f4xx_hal_rcc.o [1]
  .text              ro code  0x080006a8   0x74  stm32f4xx_hal.o [1]
  .text              ro code  0x0800071c   0xa8  stm32f4xx_hal_cortex.o [1]
  .text              ro code  0x080007c4  0x1ec  main.o [1]
  .text              ro code  0x080009b0  0x1e6  stm32f4xx_hal_gpio.o [1]
  .text              ro code  0x08000b96   0x2e  copy_init3.o [5]
  .text              ro code  0x08000bc4   0x2c  I32ToDbl.o [4]
  .text              ro code  0x08000bf0   0xe8  DblAdd.o [4]
  .text              ro code  0x08000cd8   0x90  DblToFlt.o [4]
  .text              ro code  0x08000d68  0x16c  DblSub.o [4]
  .text              ro code  0x08000ed4   0x4c  system_stm32f4xx.o [1]
  .text              ro code  0x08000f20   0x28  data_init.o [5]
  .text              ro code  0x08000f48   0x22  fpinit_M.o [4]
  .iar.init_table    const    0x08000f6c   0x14  - Linker created -
  .text              ro code  0x08000f80   0x1c  stm32f4xx_it.o [1]
  .text              ro code  0x08000f9c   0x1a  cmain.o [5]
  .text              ro code  0x08000fb6    0x4  low_level_init.o [3]
  .text              ro code  0x08000fba    0x4  exit.o [3]
  .text              ro code  0x08000fc0    0xa  cexit.o [5]
  .text              ro code  0x08000fcc   0x14  exit.o [6]
  .text              ro code  0x08000fe0   0x10  startup_stm32f411xe.o [1]
  .text              ro code  0x08000ff0    0xc  cstartup_M.o [5]
  .text              ro code  0x08000ffc    0x4  startup_stm32f411xe.o [1]
  .text              ro code  0x08001000    0x4  startup_stm32f411xe.o [1]
  .text              ro code  0x08001004    0x4  startup_stm32f411xe.o [1]
  .text              ro code  0x08001008    0x4  startup_stm32f411xe.o [1]
  .text              ro code  0x0800100c    0x4  startup_stm32f411xe.o [1]
  .text              ro code  0x08001010    0x4  startup_stm32f411xe.o [1]
  .text              ro code  0x08001014    0x4  startup_stm32f411xe.o [1]
  .text              ro code  0x08001018    0x4  startup_stm32f411xe.o [1]
  .text              ro code  0x0800101c    0x4  startup_stm32f411xe.o [1]
  .text              ro code  0x08001020    0x4  startup_stm32f411xe.o [1]
  .text              ro code  0x08001024    0x4  startup_stm32f411xe.o [1]
  .text              ro code  0x08001028    0x4  startup_stm32f411xe.o [1]
  .text              ro code  0x0800102c    0x4  startup_stm32f411xe.o [1]
  .text              ro code  0x08001030    0x4  startup_stm32f411xe.o [1]
  .text              ro code  0x08001034    0x4  startup_stm32f411xe.o [1]
  .text              ro code  0x08001038    0x4  startup_stm32f411xe.o [1]
  .text              ro code  0x0800103c    0x4  startup_stm32f411xe.o [1]
  .text              ro code  0x08001040    0x4  startup_stm32f411xe.o [1]
  .text              ro code  0x08001044    0x4  startup_stm32f411xe.o [1]
  .text              ro code  0x08001048    0x4  startup_stm32f411xe.o [1]
  .text              ro code  0x0800104c    0x4  startup_stm32f411xe.o [1]
  .text              ro code  0x08001050    0x4  startup_stm32f411xe.o [1]
  .text              ro code  0x08001054    0x4  startup_stm32f411xe.o [1]
  .text              ro code  0x08001058    0x4  startup_stm32f411xe.o [1]
  .text              ro code  0x0800105c    0x4  startup_stm32f411xe.o [1]
  .text              ro code  0x08001060    0x4  startup_stm32f411xe.o [1]
  .text              ro code  0x08001064    0x4  startup_stm32f411xe.o [1]
  .text              ro code  0x08001068    0x4  startup_stm32f411xe.o [1]
  .text              ro code  0x0800106c    0x4  startup_stm32f411xe.o [1]
  .text              ro code  0x08001070    0x4  startup_stm32f411xe.o [1]
  .text              ro code  0x08001074    0x4  startup_stm32f411xe.o [1]
  .text              ro code  0x08001078    0x4  startup_stm32f411xe.o [1]
  .text              ro code  0x0800107c    0x4  startup_stm32f411xe.o [1]
  .text              ro code  0x08001080    0x4  startup_stm32f411xe.o [1]
  .text              ro code  0x08001084    0x4  startup_stm32f411xe.o [1]
  .text              ro code  0x08001088    0x4  startup_stm32f411xe.o [1]
  .text              ro code  0x0800108c    0x4  startup_stm32f411xe.o [1]
  .text              ro code  0x08001090    0x4  startup_stm32f411xe.o [1]
  .text              ro code  0x08001094    0x4  startup_stm32f411xe.o [1]
  .text              ro code  0x08001098    0x4  startup_stm32f411xe.o [1]
  .text              ro code  0x0800109c    0x4  startup_stm32f411xe.o [1]
  .text              ro code  0x080010a0    0x4  startup_stm32f411xe.o [1]
  .text              ro code  0x080010a4    0x4  startup_stm32f411xe.o [1]
  .text              ro code  0x080010a8    0x4  startup_stm32f411xe.o [1]
  .text              ro code  0x080010ac    0x4  startup_stm32f411xe.o [1]
  .text              ro code  0x080010b0    0x4  startup_stm32f411xe.o [1]
  .text              ro code  0x080010b4    0x4  startup_stm32f411xe.o [1]
  .text              ro code  0x080010b8    0x4  startup_stm32f411xe.o [1]
  .text              ro code  0x080010bc    0x4  startup_stm32f411xe.o [1]
  .text              ro code  0x080010c0    0x4  startup_stm32f411xe.o [1]
  .text              ro code  0x080010c4    0x4  startup_stm32f411xe.o [1]
  .text              ro code  0x080010c8    0x4  startup_stm32f411xe.o [1]
  .text              ro code  0x080010cc    0x4  startup_stm32f411xe.o [1]
  .text              ro code  0x080010d0    0x4  startup_stm32f411xe.o [1]
  .text              ro code  0x080010d4    0x4  startup_stm32f411xe.o [1]
  .text              ro code  0x080010d8    0x4  startup_stm32f411xe.o [1]
  .rodata            const    0x080010dc    0x0  copy_init3.o [5]
  Initializer bytes  ro data  0x080010dc   0x2c  <for P2 s0>
                            - 0x08001108  0xf70

"P2":                                     0x430
  P2 s0                       0x20000000   0x2c  <Init block>
    .data            inited   0x20000000   0x14  system_stm32f4xx.o [1]
    .bss             inited   0x20000014   0x14  main.o [1]
    .bss             inited   0x20000028    0x4  stm32f4xx_hal.o [1]
  CSTACK                      0x20000030  0x400  <Block>
    CSTACK           uninit   0x20000030  0x400  <Block tail>
                            - 0x20000430  0x430


*******************************************************************************
*** INIT TABLE
***

          Address     Size
          -------     ----
Copy (__iar_copy_init3)
    1 source range, total size 0x2c:
          0x080010dc  0x2c
    1 destination range, total size 0x2c:
          0x20000000  0x2c



*******************************************************************************
*** MODULE SUMMARY
***

    Module                  ro code  ro data  rw data
    ------                  -------  -------  -------
C:\Downloads\stm32cubef4\STM32Cube_FW_F4_V1.3.0\Projects\STM32F411RE-Nucleo\Examples\RCC\RCC_ClockConfig\EWARM\STM32F4xx-Nucleo\Obj: [1]
    main.o                      492       20       20
    startup_stm32f411xe.o       648
    stm32f4xx_hal.o             116        4        4
    stm32f4xx_hal_cortex.o      168
    stm32f4xx_hal_gpio.o        486
    stm32f4xx_hal_rcc.o       1 296
    stm32f4xx_it.o               28
    system_stm32f4xx.o           76       20       20
    -------------------------------------------------
    Total:                    3 310       44       44

command line: [2]
    -------------------------------------------------
    Total:

dl7M_tln.a: [3]
    exit.o                        4
    low_level_init.o              4
    -------------------------------------------------
    Total:                        8

m7M_tls.a: [4]
    DblAdd.o                    232
    DblSub.o                    364
    DblToFlt.o                  144
    I32ToDbl.o                   44
    fpinit_M.o                   34
    -------------------------------------------------
    Total:                      818

rt7M_tl.a: [5]
    cexit.o                      10
    cmain.o                      26
    copy_init3.o                 46
    cstartup_M.o                 12
    data_init.o                  40
    -------------------------------------------------
    Total:                      134

shb_l.a: [6]
    exit.o                       20
    -------------------------------------------------
    Total:                       20

    Gaps                          4        2
    Linker created                        20    1 024
-----------------------------------------------------
    Grand Total:              4 294       66    1 068


*******************************************************************************
*** ENTRY LIST
***

Entry                      Address   Size  Type      Object
-----                      -------   ----  ----      ------
?main                   0x08000f9d         Code  Gb  cmain.o [5]
AHBPrescTable           0x20000004   0x10  Data  Gb  system_stm32f4xx.o [1]
APBAHBPrescTable        0x08000698   0x10  Data  Gb  stm32f4xx_hal_rcc.o [1]
BusFault_Handler        0x08000f87    0x2  Code  Gb  stm32f4xx_it.o [1]
CSTACK$$Base            0x20000030          --   Gb  - Linker created -
CSTACK$$Limit           0x20000430          --   Gb  - Linker created -
DebugMon_Handler        0x08000f8d    0x2  Code  Gb  stm32f4xx_it.o [1]
EXTI15_10_IRQHandler    0x08000f95    0x8  Code  Gb  stm32f4xx_it.o [1]
GPIO_InitStruct_ADC     0x20000014   0x14  Data  Gb  main.o [1]
HAL_GPIO_EXTI_Callback  0x08000b95    0x2  Code  Wk  stm32f4xx_hal_gpio.o [1]
HAL_GPIO_EXTI_IRQHandler
                        0x08000b45   0x18  Code  Gb  stm32f4xx_hal_gpio.o [1]
HAL_GPIO_Init           0x080009b1  0x194  Code  Gb  stm32f4xx_hal_gpio.o [1]
HAL_GetTick             0x0800070d    0x6  Code  Wk  stm32f4xx_hal.o [1]
HAL_IncTick             0x08000703    0xa  Code  Wk  stm32f4xx_hal.o [1]
HAL_Init                0x080006a9   0x34  Code  Gb  stm32f4xx_hal.o [1]
HAL_InitTick            0x080006df   0x24  Code  Wk  stm32f4xx_hal.o [1]
HAL_MspInit             0x080006dd    0x2  Code  Wk  stm32f4xx_hal.o [1]
HAL_NVIC_SetPriority    0x08000737   0x58  Code  Gb  stm32f4xx_hal_cortex.o [1]
HAL_NVIC_SetPriorityGrouping
                        0x0800071d   0x1a  Code  Gb  stm32f4xx_hal_cortex.o [1]
HAL_RCC_ClockConfig     0x08000451  0x1cc  Code  Gb  stm32f4xx_hal_rcc.o [1]
HAL_RCC_GetHCLKFreq     0x0800061d   0x5e  Code  Gb  stm32f4xx_hal_rcc.o [1]
HAL_RCC_OscConfig       0x08000199  0x2b8  Code  Gb  stm32f4xx_hal_rcc.o [1]
HAL_SYSTICK_Config      0x0800078f   0x22  Code  Gb  stm32f4xx_hal_cortex.o [1]
HardFault_Handler       0x08000f83    0x2  Code  Gb  stm32f4xx_it.o [1]
MemManage_Handler       0x08000f85    0x2  Code  Gb  stm32f4xx_it.o [1]
NMI_Handler             0x08000f81    0x2  Code  Gb  stm32f4xx_it.o [1]
PendSV_Handler          0x08000f8f    0x2  Code  Gb  stm32f4xx_it.o [1]
Region$$Table$$Base     0x08000f6c          --   Gb  - Linker created -
Region$$Table$$Limit    0x08000f80          --   Gb  - Linker created -
SVC_Handler             0x08000f8b    0x2  Code  Gb  stm32f4xx_it.o [1]
SysTick_Handler         0x08000f91    0x4  Code  Gb  stm32f4xx_it.o [1]
SystemCoreClock         0x20000000    0x4  Data  Gb  system_stm32f4xx.o [1]
SystemInit              0x08000ed5   0x3c  Code  Gb  system_stm32f4xx.o [1]
UsageFault_Handler      0x08000f89    0x2  Code  Gb  stm32f4xx_it.o [1]
__aeabi_d2f             0x08000cd9         Code  Gb  DblToFlt.o [4]
__aeabi_dadd            0x08000bf1         Code  Gb  DblAdd.o [4]
__aeabi_i2d             0x08000bc5         Code  Gb  I32ToDbl.o [4]
__cmain                 0x08000f9d         Code  Gb  cmain.o [5]
__exit                  0x08000fcd   0x14  Code  Gb  exit.o [6]
__iar_copy_init3        0x08000b97   0x2e  Code  Gb  copy_init3.o [5]
__iar_dadd              0x08000c05         Code  Gb  DblAdd.o [4]
__iar_data_init3        0x08000f21   0x28  Code  Gb  data_init.o [5]
__iar_dsub              0x08000d69         Code  Gb  DblSub.o [4]
__iar_dsubStart         0x08000d7b         Code  Gb  DblSub.o [4]
__iar_init_vfp          0x08000f49         Code  Gb  fpinit_M.o [4]
__iar_program_start     0x08000ff1         Code  Gb  cstartup_M.o [5]
__iar_ui2d              0x08000bd9         Code  Gb  I32ToDbl.o [4]
__low_level_init        0x08000fb7    0x4  Code  Gb  low_level_init.o [3]
__vector_table          0x08000000         Data  Gb  startup_stm32f411xe.o [1]
_call_main              0x08000fa9         Code  Gb  cmain.o [5]
_exit                   0x08000fc1         Code  Gb  cexit.o [5]
_main                   0x08000fb3         Code  Gb  cmain.o [5]
exit                    0x08000fbb    0x4  Code  Gb  exit.o [3]
main                    0x080007c5  0x1ca  Code  Gb  main.o [1]
uwTick                  0x20000028    0x4  Data  Lc  stm32f4xx_hal.o [1]


[1] = C:\Downloads\stm32cubef4\STM32Cube_FW_F4_V1.3.0\Projects\STM32F411RE-Nucleo\Examples\RCC\RCC_ClockConfig\EWARM\STM32F4xx-Nucleo\Obj
[2] = command line
[3] = dl7M_tln.a
[4] = m7M_tls.a
[5] = rt7M_tl.a
[6] = shb_l.a

  4 294 bytes of readonly  code memory
     66 bytes of readonly  data memory
  1 068 bytes of readwrite data memory

Errors: none
Warnings: none
