###############################################################################
#
# IAR ELF Linker V7.30.3.8024/W32 for ARM                 06/Feb/2015  22:58:33
# Copyright 2007-2014 IAR Systems AB.
#
#    Output file  =  
#        C:\Downloads\stm32cubef4\STM32Cube_FW_F4_V1.3.0\Projects\STM32F411RE-Nucleo\Examples\RCC\RCC_ClockConfig\EWARM\STM32F4xx-Nucleo\Exe\Project.out
#    Map file     =  
#        C:\Downloads\stm32cubef4\STM32Cube_FW_F4_V1.3.0\Projects\STM32F411RE-Nucleo\Examples\RCC\RCC_ClockConfig\EWARM\STM32F4xx-Nucleo\List\Project.map
#    Command line =  
#        C:\Downloads\stm32cubef4\STM32Cube_FW_F4_V1.3.0\Projects\STM32F411RE-Nucleo\Examples\RCC\RCC_ClockConfig\EWARM\STM32F4xx-Nucleo\Obj\AD9117.o
#        C:\Downloads\stm32cubef4\STM32Cube_FW_F4_V1.3.0\Projects\STM32F411RE-Nucleo\Examples\RCC\RCC_ClockConfig\EWARM\STM32F4xx-Nucleo\Obj\main.o
#        C:\Downloads\stm32cubef4\STM32Cube_FW_F4_V1.3.0\Projects\STM32F411RE-Nucleo\Examples\RCC\RCC_ClockConfig\EWARM\STM32F4xx-Nucleo\Obj\startup_stm32f411xe.o
#        C:\Downloads\stm32cubef4\STM32Cube_FW_F4_V1.3.0\Projects\STM32F411RE-Nucleo\Examples\RCC\RCC_ClockConfig\EWARM\STM32F4xx-Nucleo\Obj\stm32f4xx_hal.o
#        C:\Downloads\stm32cubef4\STM32Cube_FW_F4_V1.3.0\Projects\STM32F411RE-Nucleo\Examples\RCC\RCC_ClockConfig\EWARM\STM32F4xx-Nucleo\Obj\stm32f4xx_hal_adc.o
#        C:\Downloads\stm32cubef4\STM32Cube_FW_F4_V1.3.0\Projects\STM32F411RE-Nucleo\Examples\RCC\RCC_ClockConfig\EWARM\STM32F4xx-Nucleo\Obj\stm32f4xx_hal_adc_ex.o
#        C:\Downloads\stm32cubef4\STM32Cube_FW_F4_V1.3.0\Projects\STM32F411RE-Nucleo\Examples\RCC\RCC_ClockConfig\EWARM\STM32F4xx-Nucleo\Obj\stm32f4xx_hal_cortex.o
#        C:\Downloads\stm32cubef4\STM32Cube_FW_F4_V1.3.0\Projects\STM32F411RE-Nucleo\Examples\RCC\RCC_ClockConfig\EWARM\STM32F4xx-Nucleo\Obj\stm32f4xx_hal_dma.o
#        C:\Downloads\stm32cubef4\STM32Cube_FW_F4_V1.3.0\Projects\STM32F411RE-Nucleo\Examples\RCC\RCC_ClockConfig\EWARM\STM32F4xx-Nucleo\Obj\stm32f4xx_hal_dma_ex.o
#        C:\Downloads\stm32cubef4\STM32Cube_FW_F4_V1.3.0\Projects\STM32F411RE-Nucleo\Examples\RCC\RCC_ClockConfig\EWARM\STM32F4xx-Nucleo\Obj\stm32f4xx_hal_flash.o
#        C:\Downloads\stm32cubef4\STM32Cube_FW_F4_V1.3.0\Projects\STM32F411RE-Nucleo\Examples\RCC\RCC_ClockConfig\EWARM\STM32F4xx-Nucleo\Obj\stm32f4xx_hal_flash_ex.o
#        C:\Downloads\stm32cubef4\STM32Cube_FW_F4_V1.3.0\Projects\STM32F411RE-Nucleo\Examples\RCC\RCC_ClockConfig\EWARM\STM32F4xx-Nucleo\Obj\stm32f4xx_hal_gpio.o
#        C:\Downloads\stm32cubef4\STM32Cube_FW_F4_V1.3.0\Projects\STM32F411RE-Nucleo\Examples\RCC\RCC_ClockConfig\EWARM\STM32F4xx-Nucleo\Obj\stm32f4xx_hal_pwr.o
#        C:\Downloads\stm32cubef4\STM32Cube_FW_F4_V1.3.0\Projects\STM32F411RE-Nucleo\Examples\RCC\RCC_ClockConfig\EWARM\STM32F4xx-Nucleo\Obj\stm32f4xx_hal_pwr_ex.o
#        C:\Downloads\stm32cubef4\STM32Cube_FW_F4_V1.3.0\Projects\STM32F411RE-Nucleo\Examples\RCC\RCC_ClockConfig\EWARM\STM32F4xx-Nucleo\Obj\stm32f4xx_hal_rcc.o
#        C:\Downloads\stm32cubef4\STM32Cube_FW_F4_V1.3.0\Projects\STM32F411RE-Nucleo\Examples\RCC\RCC_ClockConfig\EWARM\STM32F4xx-Nucleo\Obj\stm32f4xx_hal_rcc_ex.o
#        C:\Downloads\stm32cubef4\STM32Cube_FW_F4_V1.3.0\Projects\STM32F411RE-Nucleo\Examples\RCC\RCC_ClockConfig\EWARM\STM32F4xx-Nucleo\Obj\stm32f4xx_hal_spi.o
#        C:\Downloads\stm32cubef4\STM32Cube_FW_F4_V1.3.0\Projects\STM32F411RE-Nucleo\Examples\RCC\RCC_ClockConfig\EWARM\STM32F4xx-Nucleo\Obj\stm32f4xx_hal_tim.o
#        C:\Downloads\stm32cubef4\STM32Cube_FW_F4_V1.3.0\Projects\STM32F411RE-Nucleo\Examples\RCC\RCC_ClockConfig\EWARM\STM32F4xx-Nucleo\Obj\stm32f4xx_hal_uart.o
#        C:\Downloads\stm32cubef4\STM32Cube_FW_F4_V1.3.0\Projects\STM32F411RE-Nucleo\Examples\RCC\RCC_ClockConfig\EWARM\STM32F4xx-Nucleo\Obj\stm32f4xx_it.o
#        C:\Downloads\stm32cubef4\STM32Cube_FW_F4_V1.3.0\Projects\STM32F411RE-Nucleo\Examples\RCC\RCC_ClockConfig\EWARM\STM32F4xx-Nucleo\Obj\stm32f4xx_nucleo.o
#        C:\Downloads\stm32cubef4\STM32Cube_FW_F4_V1.3.0\Projects\STM32F411RE-Nucleo\Examples\RCC\RCC_ClockConfig\EWARM\STM32F4xx-Nucleo\Obj\system_stm32f4xx.o
#        --redirect _Printf=_PrintfSmall --redirect _Scanf=_ScanfSmall -o
#        C:\Downloads\stm32cubef4\STM32Cube_FW_F4_V1.3.0\Projects\STM32F411RE-Nucleo\Examples\RCC\RCC_ClockConfig\EWARM\STM32F4xx-Nucleo\Exe\Project.out
#        --map
#        C:\Downloads\stm32cubef4\STM32Cube_FW_F4_V1.3.0\Projects\STM32F411RE-Nucleo\Examples\RCC\RCC_ClockConfig\EWARM\STM32F4xx-Nucleo\List\Project.map
#        --config
#        C:\Downloads\stm32cubef4\STM32Cube_FW_F4_V1.3.0\Projects\STM32F411RE-Nucleo\Examples\RCC\RCC_ClockConfig\EWARM\stm32f411xe_flash.icf
#        --semihosting --entry __iar_program_start --vfe
#
###############################################################################

*******************************************************************************
*** RUNTIME MODEL ATTRIBUTES
***

CppFlavor       = *
__SystemLibrary = DLib


*******************************************************************************
*** PLACEMENT SUMMARY
***

"A1":  place at 0x08000000 { ro section .intvec };
"P1":  place in [from 0x08000000 to 0x0807ffff] { ro };
"P2":  place in [from 0x20000000 to 0x2001ffff] { rw, block CSTACK, block HEAP };

  Section            Kind        Address    Size  Object
  -------            ----        -------    ----  ------
"A1":                                      0x198
  .intvec            ro code  0x08000000   0x198  startup_stm32f411xe.o [1]
                            - 0x08000198   0x198

"P1":                                     0x23dc
  .text              ro code  0x08000198   0x7c8  AD9117.o [1]
  .text              ro code  0x08000960   0x1fe  stm32f4xx_hal_gpio.o [1]
  .text              ro code  0x08000b5e    0x2e  copy_init3.o [5]
  .text              ro code  0x08000b8c   0x624  stm32f4xx_hal_rcc.o [1]
  .text              ro code  0x080011b0    0x74  stm32f4xx_hal.o [1]
  .text              ro code  0x08001224    0xa8  stm32f4xx_hal_cortex.o [1]
  .text              ro code  0x080012cc   0x3c0  main.o [1]
  .text              ro code  0x0800168c   0x28a  stm32f4xx_hal_uart.o [1]
  .text              ro code  0x08001916    0x22  zero_init3.o [5]
  .text              ro code  0x08001938    0xf0  stm32f4xx_hal_tim.o [1]
  .text              ro code  0x08001a28    0x4c  system_stm32f4xx.o [1]
  .text              ro code  0x08001a74    0x28  data_init.o [5]
  .text              ro code  0x08001a9c    0x22  fpinit_M.o [4]
  .iar.init_table    const    0x08001ac0    0x24  - Linker created -
  .text              ro code  0x08001ae4    0x1c  stm32f4xx_it.o [1]
  .text              ro code  0x08001b00    0x1a  cmain.o [5]
  .text              ro code  0x08001b1a     0x4  low_level_init.o [3]
  .text              ro code  0x08001b1e     0x4  exit.o [3]
  .text              ro code  0x08001b24     0xa  cexit.o [5]
  .text              ro code  0x08001b30    0x14  exit.o [6]
  .text              ro code  0x08001b44    0x10  startup_stm32f411xe.o [1]
  .text              ro code  0x08001b54     0xc  cstartup_M.o [5]
  .text              ro code  0x08001b60     0x4  startup_stm32f411xe.o [1]
  .text              ro code  0x08001b64     0x4  startup_stm32f411xe.o [1]
  .text              ro code  0x08001b68     0x4  startup_stm32f411xe.o [1]
  .text              ro code  0x08001b6c     0x4  startup_stm32f411xe.o [1]
  .text              ro code  0x08001b70     0x4  startup_stm32f411xe.o [1]
  .text              ro code  0x08001b74     0x4  startup_stm32f411xe.o [1]
  .text              ro code  0x08001b78     0x4  startup_stm32f411xe.o [1]
  .text              ro code  0x08001b7c     0x4  startup_stm32f411xe.o [1]
  .text              ro code  0x08001b80     0x4  startup_stm32f411xe.o [1]
  .text              ro code  0x08001b84     0x4  startup_stm32f411xe.o [1]
  .text              ro code  0x08001b88     0x4  startup_stm32f411xe.o [1]
  .text              ro code  0x08001b8c     0x4  startup_stm32f411xe.o [1]
  .text              ro code  0x08001b90     0x4  startup_stm32f411xe.o [1]
  .text              ro code  0x08001b94     0x4  startup_stm32f411xe.o [1]
  .text              ro code  0x08001b98     0x4  startup_stm32f411xe.o [1]
  .text              ro code  0x08001b9c     0x4  startup_stm32f411xe.o [1]
  .text              ro code  0x08001ba0     0x4  startup_stm32f411xe.o [1]
  .text              ro code  0x08001ba4     0x4  startup_stm32f411xe.o [1]
  .text              ro code  0x08001ba8     0x4  startup_stm32f411xe.o [1]
  .text              ro code  0x08001bac     0x4  startup_stm32f411xe.o [1]
  .text              ro code  0x08001bb0     0x4  startup_stm32f411xe.o [1]
  .text              ro code  0x08001bb4     0x4  startup_stm32f411xe.o [1]
  .text              ro code  0x08001bb8     0x4  startup_stm32f411xe.o [1]
  .text              ro code  0x08001bbc     0x4  startup_stm32f411xe.o [1]
  .text              ro code  0x08001bc0     0x4  startup_stm32f411xe.o [1]
  .text              ro code  0x08001bc4     0x4  startup_stm32f411xe.o [1]
  .text              ro code  0x08001bc8     0x4  startup_stm32f411xe.o [1]
  .text              ro code  0x08001bcc     0x4  startup_stm32f411xe.o [1]
  .text              ro code  0x08001bd0     0x4  startup_stm32f411xe.o [1]
  .text              ro code  0x08001bd4     0x4  startup_stm32f411xe.o [1]
  .text              ro code  0x08001bd8     0x4  startup_stm32f411xe.o [1]
  .text              ro code  0x08001bdc     0x4  startup_stm32f411xe.o [1]
  .text              ro code  0x08001be0     0x4  startup_stm32f411xe.o [1]
  .text              ro code  0x08001be4     0x4  startup_stm32f411xe.o [1]
  .text              ro code  0x08001be8     0x4  startup_stm32f411xe.o [1]
  .text              ro code  0x08001bec     0x4  startup_stm32f411xe.o [1]
  .text              ro code  0x08001bf0     0x4  startup_stm32f411xe.o [1]
  .text              ro code  0x08001bf4     0x4  startup_stm32f411xe.o [1]
  .text              ro code  0x08001bf8     0x4  startup_stm32f411xe.o [1]
  .text              ro code  0x08001bfc     0x4  startup_stm32f411xe.o [1]
  .text              ro code  0x08001c00     0x4  startup_stm32f411xe.o [1]
  .text              ro code  0x08001c04     0x4  startup_stm32f411xe.o [1]
  .text              ro code  0x08001c08     0x4  startup_stm32f411xe.o [1]
  .text              ro code  0x08001c0c     0x4  startup_stm32f411xe.o [1]
  .text              ro code  0x08001c10     0x4  startup_stm32f411xe.o [1]
  .text              ro code  0x08001c14     0x4  startup_stm32f411xe.o [1]
  .text              ro code  0x08001c18     0x4  startup_stm32f411xe.o [1]
  .text              ro code  0x08001c1c     0x4  startup_stm32f411xe.o [1]
  .text              ro code  0x08001c20     0x4  startup_stm32f411xe.o [1]
  .text              ro code  0x08001c24     0x4  startup_stm32f411xe.o [1]
  .text              ro code  0x08001c28     0x4  startup_stm32f411xe.o [1]
  .text              ro code  0x08001c2c     0x4  startup_stm32f411xe.o [1]
  .text              ro code  0x08001c30     0x4  startup_stm32f411xe.o [1]
  .text              ro code  0x08001c34     0x4  startup_stm32f411xe.o [1]
  .text              ro code  0x08001c38     0x4  startup_stm32f411xe.o [1]
  .text              ro code  0x08001c3c     0x4  startup_stm32f411xe.o [1]
  .rodata            const    0x08001c40     0x0  zero_init3.o [5]
  .rodata            const    0x08001c40     0x0  copy_init3.o [5]
  Initializer bytes  ro data  0x08001c40   0x934  <for P2 s0>
                            - 0x08002574  0x23dc

"P2":                                      0xd90
  P2 s0                       0x20000000   0x934  <Init block>
    .data            inited   0x20000000   0x920  main.o [1]
    .data            inited   0x20000920    0x14  system_stm32f4xx.o [1]
  .bss               zero     0x20000934    0x54  AD9117.o [1]
  .bss               zero     0x20000988     0x4  stm32f4xx_hal.o [1]
  CSTACK                      0x20000990   0x400  <Block>
    CSTACK           uninit   0x20000990   0x400  <Block tail>
                            - 0x20000d90   0xd90


*******************************************************************************
*** INIT TABLE
***

          Address     Size
          -------     ----
Zero (__iar_zero_init3)
    1 destination range, total size 0x58:
          0x20000934   0x58

Copy (__iar_copy_init3)
    1 source range, total size 0x934:
          0x08001c40  0x934
    1 destination range, total size 0x934:
          0x20000000  0x934



*******************************************************************************
*** MODULE SUMMARY
***

    Module                  ro code  ro data  rw data
    ------                  -------  -------  -------
C:\Downloads\stm32cubef4\STM32Cube_FW_F4_V1.3.0\Projects\STM32F411RE-Nucleo\Examples\RCC\RCC_ClockConfig\EWARM\STM32F4xx-Nucleo\Obj: [1]
    AD9117.o                  1 992                84
    main.o                      960    2 336    2 336
    startup_stm32f411xe.o       648
    stm32f4xx_hal.o             116                 4
    stm32f4xx_hal_cortex.o      168
    stm32f4xx_hal_gpio.o        510
    stm32f4xx_hal_rcc.o       1 572
    stm32f4xx_hal_tim.o         240
    stm32f4xx_hal_uart.o        650
    stm32f4xx_it.o               28
    system_stm32f4xx.o           76       20       20
    -------------------------------------------------
    Total:                    6 960    2 356    2 444

command line: [2]
    -------------------------------------------------
    Total:

dl7M_tln.a: [3]
    exit.o                        4
    low_level_init.o              4
    -------------------------------------------------
    Total:                        8

m7M_tls.a: [4]
    fpinit_M.o                   34
    -------------------------------------------------
    Total:                       34

rt7M_tl.a: [5]
    cexit.o                      10
    cmain.o                      26
    copy_init3.o                 46
    cstartup_M.o                 12
    data_init.o                  40
    zero_init3.o                 34
    -------------------------------------------------
    Total:                      168

shb_l.a: [6]
    exit.o                       20
    -------------------------------------------------
    Total:                       20

    Gaps                          4        2
    Linker created                        36    1 024
-----------------------------------------------------
    Grand Total:              7 194    2 394    3 468


*******************************************************************************
*** ENTRY LIST
***

Entry                      Address   Size  Type      Object
-----                      -------   ----  ----      ------
?main                   0x08001b01         Code  Gb  cmain.o [5]
AD9117_init             0x08000199  0x5b0  Code  Gb  AD9117.o [1]
AD9117_sendByte         0x08000757  0x1fc  Code  Gb  AD9117.o [1]
AHBPrescTable           0x20000924   0x10  Data  Gb  system_stm32f4xx.o [1]
APBAHBPrescTable        0x080011a0   0x10  Data  Gb  stm32f4xx_hal_rcc.o [1]
BusFault_Handler        0x08001aeb    0x2  Code  Gb  stm32f4xx_it.o [1]
CSTACK$$Base            0x20000990          --   Gb  - Linker created -
CSTACK$$Limit           0x20000d90          --   Gb  - Linker created -
DebugMon_Handler        0x08001af1    0x2  Code  Gb  stm32f4xx_it.o [1]
EXTI15_10_IRQHandler    0x08001af9    0x8  Code  Gb  stm32f4xx_it.o [1]
GPIO_InitStruct_AD9117_SPI
                        0x2000094c   0x14  Data  Gb  AD9117.o [1]
GPIO_InitStruct_ADC     0x20000078   0x14  Data  Gb  main.o [1]
GPIO_InitStruct_DAC     0x20000974   0x14  Data  Gb  AD9117.o [1]
GPIO_InitStruct_Int     0x2000008c   0x14  Data  Gb  main.o [1]
GPIO_InitStruct_SDIO    0x20000960   0x14  Data  Gb  AD9117.o [1]
HAL_GPIO_EXTI_Callback  0x08000b5d    0x2  Code  Wk  stm32f4xx_hal_gpio.o [1]
HAL_GPIO_EXTI_IRQHandler
                        0x08000b0d   0x18  Code  Gb  stm32f4xx_hal_gpio.o [1]
HAL_GPIO_Init           0x08000961  0x194  Code  Gb  stm32f4xx_hal_gpio.o [1]
HAL_GPIO_ReadPin        0x08000af5    0xe  Code  Gb  stm32f4xx_hal_gpio.o [1]
HAL_GPIO_WritePin       0x08000b03    0xa  Code  Gb  stm32f4xx_hal_gpio.o [1]
HAL_GetTick             0x08001215    0x6  Code  Wk  stm32f4xx_hal.o [1]
HAL_IncTick             0x0800120b    0xa  Code  Wk  stm32f4xx_hal.o [1]
HAL_Init                0x080011b1   0x34  Code  Gb  stm32f4xx_hal.o [1]
HAL_InitTick            0x080011e7   0x24  Code  Wk  stm32f4xx_hal.o [1]
HAL_MspInit             0x080011e5    0x2  Code  Wk  stm32f4xx_hal.o [1]
HAL_NVIC_SetPriority    0x0800123f   0x58  Code  Gb  stm32f4xx_hal_cortex.o [1]
HAL_NVIC_SetPriorityGrouping
                        0x08001225   0x1a  Code  Gb  stm32f4xx_hal_cortex.o [1]
HAL_RCC_ClockConfig     0x08000e45  0x1cc  Code  Gb  stm32f4xx_hal_rcc.o [1]
HAL_RCC_GetClockConfig  0x0800114b   0x34  Code  Gb  stm32f4xx_hal_rcc.o [1]
HAL_RCC_GetHCLKFreq     0x08001011   0x5e  Code  Gb  stm32f4xx_hal_rcc.o [1]
HAL_RCC_GetPCLK1Freq    0x0800106f   0x6e  Code  Gb  stm32f4xx_hal_rcc.o [1]
HAL_RCC_GetPCLK2Freq    0x080010dd   0x6e  Code  Gb  stm32f4xx_hal_rcc.o [1]
HAL_RCC_OscConfig       0x08000b8d  0x2b8  Code  Gb  stm32f4xx_hal_rcc.o [1]
HAL_SYSTICK_Config      0x08001297   0x22  Code  Gb  stm32f4xx_hal_cortex.o [1]
HAL_TIM_Base_Init       0x08001939   0xb6  Code  Gb  stm32f4xx_hal_tim.o [1]
HAL_TIM_Base_MspInit    0x080019ef    0x2  Code  Wk  stm32f4xx_hal_tim.o [1]
HAL_TIM_Base_Start_IT   0x080019f1   0x16  Code  Gb  stm32f4xx_hal_tim.o [1]
HAL_UART_Init           0x0800168d  0x13c  Code  Gb  stm32f4xx_hal_uart.o [1]
HAL_UART_MspInit        0x080017d5    0x2  Code  Wk  stm32f4xx_hal_uart.o [1]
HAL_UART_Transmit       0x080017d9  0x13e  Code  Gb  stm32f4xx_hal_uart.o [1]
HardFault_Handler       0x08001ae7    0x2  Code  Gb  stm32f4xx_it.o [1]
MemManage_Handler       0x08001ae9    0x2  Code  Gb  stm32f4xx_it.o [1]
NMI_Handler             0x08001ae5    0x2  Code  Gb  stm32f4xx_it.o [1]
PendSV_Handler          0x08001af3    0x2  Code  Gb  stm32f4xx_it.o [1]
Region$$Table$$Base     0x08001ac0          --   Gb  - Linker created -
Region$$Table$$Limit    0x08001ae4          --   Gb  - Linker created -
SVC_Handler             0x08001aef    0x2  Code  Gb  stm32f4xx_it.o [1]
SysTick_Handler         0x08001af5    0x4  Code  Gb  stm32f4xx_it.o [1]
SystemCoreClock         0x20000920    0x4  Data  Gb  system_stm32f4xx.o [1]
SystemInit              0x08001a29   0x3c  Code  Gb  system_stm32f4xx.o [1]
TimHandle               0x2000003c   0x3c  Data  Gb  main.o [1]
UartHandle              0x20000000   0x3c  Data  Gb  main.o [1]
UsageFault_Handler      0x08001aed    0x2  Code  Gb  stm32f4xx_it.o [1]
__cmain                 0x08001b01         Code  Gb  cmain.o [5]
__exit                  0x08001b31   0x14  Code  Gb  exit.o [6]
__iar_copy_init3        0x08000b5f   0x2e  Code  Gb  copy_init3.o [5]
__iar_data_init3        0x08001a75   0x28  Code  Gb  data_init.o [5]
__iar_init_vfp          0x08001a9d         Code  Gb  fpinit_M.o [4]
__iar_program_start     0x08001b55         Code  Gb  cstartup_M.o [5]
__iar_zero_init3        0x08001917   0x22  Code  Gb  zero_init3.o [5]
__low_level_init        0x08001b1b    0x4  Code  Gb  low_level_init.o [3]
__vector_table          0x08000000         Data  Gb  startup_stm32f411xe.o [1]
_call_main              0x08001b0d         Code  Gb  cmain.o [5]
_exit                   0x08001b25         Code  Gb  cexit.o [5]
_main                   0x08001b17         Code  Gb  cmain.o [5]
exit                    0x08001b1f    0x4  Code  Gb  exit.o [3]
main                    0x080012cd  0x39a  Code  Gb  main.o [1]
reg                     0x20000934   0x18  Data  Gb  AD9117.o [1]
sinTable                0x200000a0  0x880  Data  Gb  main.o [1]
uwTick                  0x20000988    0x4  Data  Lc  stm32f4xx_hal.o [1]
wait_ms                 0x08000749    0xe  Code  Gb  AD9117.o [1]


[1] = C:\Downloads\stm32cubef4\STM32Cube_FW_F4_V1.3.0\Projects\STM32F411RE-Nucleo\Examples\RCC\RCC_ClockConfig\EWARM\STM32F4xx-Nucleo\Obj
[2] = command line
[3] = dl7M_tln.a
[4] = m7M_tls.a
[5] = rt7M_tl.a
[6] = shb_l.a

  7 194 bytes of readonly  code memory
  2 394 bytes of readonly  data memory
  3 468 bytes of readwrite data memory

Errors: none
Warnings: none
